2026-08-26 22:20:18,782 - mmrotate - INFO - Environment info:
------------------------------------------------------------
sys.platform: win32
Python: 3.9.13 (tags/v3.9.13:6de2ca5, May 17 2022, 16:36:42) [MSC v.1929 64 bit (AMD64)]
CUDA available: False
MSVC: 用于 x64 的 Microsoft (R) C/C++ 优化编译器 19.44.35228 版
GCC: n/a
PyTorch: 1.13.1+cpu
PyTorch compiling details: PyTorch built with:
  - C++ Version: 199711
  - MSVC 192829337
  - Intel(R) Math Kernel Library Version 2020.0.2 Product Build 20200624 for Intel(R) 64 architecture applications
  - Intel(R) MKL-DNN v2.6.0 (Git Hash 52b5f107dd9cf10910aaa19cb47f3abf9b349815)
  - OpenMP 2019
  - LAPACK is enabled (usually provided by MKL)
  - CPU capability usage: AVX2
  - Build settings: BLAS_INFO=mkl, BUILD_TYPE=Release, CXX_COMPILER=C:/actions-runner/_work/pytorch/pytorch/builder/windows/tmp_bin/sccache-cl.exe, CXX_FLAGS=/DWIN32 /D_WINDOWS /GR /EHsc /w /bigobj -DUSE_PTHREADPOOL -openmp:experimental -IC:/actions-runner/_work/pytorch/pytorch/builder/windows/mkl/include -DNDEBUG -DUSE_KINETO -DLIBKINETO_NOCUPTI -DUSE_FBGEMM -DUSE_XNNPACK -DSYMBOLICATE_MOBILE_DEBUG_HANDLE -DEDGE_PROFILER_USE_KINETO, LAPACK_INFO=mkl, PERF_WITH_AVX=1, PERF_WITH_AVX2=1, PERF_WITH_AVX512=1, TORCH_VERSION=1.13.1, USE_CUDA=0, USE_CUDNN=OFF, USE_EXCEPTION_PTR=1, USE_GFLAGS=OFF, USE_GLOG=OFF, USE_MKL=ON, USE_MKLDNN=ON, USE_MPI=OFF, USE_NCCL=OFF, USE_NNPACK=OFF, USE_OPENMP=ON, USE_ROCM=OFF, 

TorchVision: 0.14.1+cpu
OpenCV: 4.8.1
MMCV: 1.7.2
MMCV Compiler: MSVC 192930148
MMCV CUDA Compiler: not available
MMRotate: 0.3.4+c3c8be2
------------------------------------------------------------

2026-08-26 22:20:19,444 - mmrotate - INFO - Distributed training: False
2026-08-26 22:20:20,085 - mmrotate - INFO - Config:
dataset_type = 'DroneVehicleDataset'
data_root = '../data/'
img_norm_cfg = dict(
    mean=[123.675, 116.28, 103.53], std=[58.395, 57.12, 57.375], to_rgb=True)
train_pipeline = [
    dict(type='LoadImageFromFile', spectrals=('visible', 'infrared')),
    dict(type='LoadAnnotations', with_bbox=True),
    dict(type='RResize', img_scale=(712, 840)),
    dict(
        type='Normalize',
        mean=[123.675, 116.28, 103.53],
        std=[58.395, 57.12, 57.375],
        to_rgb=True),
    dict(type='Pad', size_divisor=32),
    dict(type='DefaultFormatBundle_m'),
    dict(type='Collect', keys=['img', 'gt_bboxes', 'gt_labels'])
]
test_pipeline = [
    dict(type='LoadImagePairFromFile', spectrals=('rgb', 'ir')),
    dict(
        type='MultiScaleFlipAug',
        img_scale=(712, 840),
        flip=False,
        transforms=[
            dict(type='RResize'),
            dict(
                type='Normalize',
                mean=[123.675, 116.28, 103.53],
                std=[58.395, 57.12, 57.375],
                to_rgb=True),
            dict(type='Pad', size_divisor=32),
            dict(type='DefaultFormatBundle_m'),
            dict(type='Collect', keys=['img'])
        ])
]
data = dict(
    samples_per_gpu=4,
    workers_per_gpu=8,
    train=dict(
        type='DroneVehicleDataset',
        ann_file='../data/训练集/labels',
        img_prefix='../data/训练集/visible/',
        pipeline=[
            dict(type='LoadImageFromFile', spectrals=('visible', 'infrared')),
            dict(type='LoadAnnotations', with_bbox=True),
            dict(type='RResize', img_scale=(712, 840)),
            dict(
                type='Normalize',
                mean=[123.675, 116.28, 103.53],
                std=[58.395, 57.12, 57.375],
                to_rgb=True),
            dict(type='Pad', size_divisor=32),
            dict(type='DefaultFormatBundle_m'),
            dict(type='Collect', keys=['img', 'gt_bboxes', 'gt_labels'])
        ],
        version='le90'),
    val=dict(
        type='DroneVehicleDataset',
        ann_file='../data/训练集/labels',
        img_prefix='../data/训练集/visible/',
        pipeline=[
            dict(type='LoadImagePairFromFile', spectrals=('rgb', 'ir')),
            dict(
                type='MultiScaleFlipAug',
                img_scale=(712, 840),
                flip=False,
                transforms=[
                    dict(type='RResize'),
                    dict(
                        type='Normalize',
                        mean=[123.675, 116.28, 103.53],
                        std=[58.395, 57.12, 57.375],
                        to_rgb=True),
                    dict(type='Pad', size_divisor=32),
                    dict(type='DefaultFormatBundle_m'),
                    dict(type='Collect', keys=['img'])
                ])
        ],
        version='le90'),
    test=dict(
        type='DroneVehicleDataset',
        ann_file='../data/测试集/visible',
        img_prefix='../data/测试集/visible/',
        pipeline=[
            dict(type='LoadImagePairFromFile', spectrals=('rgb', 'ir')),
            dict(
                type='MultiScaleFlipAug',
                img_scale=(712, 840),
                flip=False,
                transforms=[
                    dict(type='RResize'),
                    dict(
                        type='Normalize',
                        mean=[123.675, 116.28, 103.53],
                        std=[58.395, 57.12, 57.375],
                        to_rgb=True),
                    dict(type='Pad', size_divisor=32),
                    dict(type='DefaultFormatBundle_m'),
                    dict(type='Collect', keys=['img'])
                ])
        ],
        version='le90'))
evaluation = dict(interval=1, metric='mAP')
optimizer = dict(
    type='AdamW', lr=0.0001, betas=(0.9, 0.999), weight_decay=0.05)
optimizer_config = dict(grad_clip=dict(max_norm=35, norm_type=2))
lr_config = dict(
    policy='step',
    warmup='linear',
    warmup_iters=500,
    warmup_ratio=0.3333333333333333,
    step=[8, 11])
runner = dict(type='EpochBasedRunner', max_epochs=12)
checkpoint_config = dict(interval=1)
log_config = dict(interval=50, hooks=[dict(type='TextLoggerHook')])
dist_params = dict(backend='nccl')
log_level = 'INFO'
load_from = None
resume_from = None
workflow = [('train', 1)]
opencv_num_threads = 0
mp_start_method = 'fork'
angle_version = 'le90'
gpu_number = 1
model = dict(
    type='Oriented_rcnn_m',
    backbone=dict(
        type='LSKNet',
        embed_dims=[64, 128, 320, 512],
        drop_rate=0.1,
        drop_path_rate=0.1,
        depths=[2, 2, 4, 2],
        norm_cfg=dict(type='BN', requires_grad=True)),
    neck=dict(
        type='FPN',
        in_channels=[64, 128, 320, 512],
        out_channels=256,
        num_outs=5),
    rpn_head=dict(
        type='OrientedRPNHead',
        in_channels=256,
        feat_channels=256,
        version='le90',
        anchor_generator=dict(
            type='AnchorGenerator',
            scales=[8],
            ratios=[0.5, 1.0, 2.0],
            strides=[4, 8, 16, 32, 64]),
        bbox_coder=dict(
            type='MidpointOffsetCoder',
            angle_range='le90',
            target_means=[0.0, 0.0, 0.0, 0.0, 0.0, 0.0],
            target_stds=[1.0, 1.0, 1.0, 1.0, 0.5, 0.5]),
        loss_cls=dict(
            type='CrossEntropyLoss', use_sigmoid=True, loss_weight=1.0),
        loss_bbox=dict(
            type='SmoothL1Loss', beta=0.1111111111111111, loss_weight=1.0)),
    roi_head=dict(
        type='OrientedStandardRoIHead',
        bbox_roi_extractor=dict(
            type='RotatedSingleRoIExtractor',
            roi_layer=dict(
                type='RoIAlignRotated',
                out_size=7,
                sample_num=2,
                clockwise=True),
            out_channels=256,
            featmap_strides=[4, 8, 16, 32]),
        bbox_head=dict(
            type='RotatedShared2FCBBoxHead',
            in_channels=256,
            fc_out_channels=1024,
            roi_feat_size=7,
            num_classes=12,
            bbox_coder=dict(
                type='DeltaXYWHAOBBoxCoder',
                angle_range='le90',
                norm_factor=None,
                edge_swap=True,
                proj_xy=True,
                target_means=(0.0, 0.0, 0.0, 0.0, 0.0),
                target_stds=(0.1, 0.1, 0.2, 0.2, 0.1)),
            reg_class_agnostic=True,
            loss_cls=dict(
                type='CrossEntropyLoss', use_sigmoid=False, loss_weight=1.0),
            loss_bbox=dict(type='SmoothL1Loss', beta=1.0, loss_weight=1.0))),
    train_cfg=dict(
        rpn=dict(
            assigner=dict(
                type='MaxIoUAssigner',
                pos_iou_thr=0.7,
                neg_iou_thr=0.3,
                min_pos_iou=0.3,
                match_low_quality=True,
                gpu_assign_thr=800,
                ignore_iof_thr=-1),
            sampler=dict(
                type='RandomSampler',
                num=256,
                pos_fraction=0.5,
                neg_pos_ub=-1,
                add_gt_as_proposals=False),
            allowed_border=0,
            pos_weight=-1,
            debug=False),
        rpn_proposal=dict(
            nms_pre=2000,
            max_per_img=2000,
            nms=dict(type='nms', iou_threshold=0.8),
            min_bbox_size=0),
        rcnn=dict(
            assigner=dict(
                type='MaxIoUAssigner',
                pos_iou_thr=0.5,
                neg_iou_thr=0.5,
                min_pos_iou=0.5,
                match_low_quality=False,
                iou_calculator=dict(type='RBboxOverlaps2D'),
                gpu_assign_thr=800,
                ignore_iof_thr=-1),
            sampler=dict(
                type='RRandomSampler',
                num=512,
                pos_fraction=0.25,
                neg_pos_ub=-1,
                add_gt_as_proposals=True),
            pos_weight=-1,
            debug=False)),
    test_cfg=dict(
        rpn=dict(
            nms_pre=2000,
            max_per_img=2000,
            nms=dict(type='nms', iou_threshold=0.8),
            min_bbox_size=0),
        rcnn=dict(
            nms_pre=2000,
            min_bbox_size=0,
            score_thr=0.05,
            nms=dict(iou_thr=0.1),
            max_per_img=2000)))
work_dir = ''
auto_resume = False
gpu_ids = range(0, 1)

2026-08-26 22:20:20,092 - mmrotate - INFO - Set random seed to 2042131719, deterministic: False
